
*** Running vivado
    with args -log NEXYS_A7.vds -m64 -product Vivado -mode batch -messageDb vivado.pb -notrace -source NEXYS_A7.tcl



****** Vivado v2024.2 (64-bit)
  **** SW Build 5239630 on Fri Nov 08 22:35:27 MST 2024
  **** IP Build 5239520 on Sun Nov 10 16:12:51 MST 2024
  **** SharedData Build 5239561 on Fri Nov 08 14:39:27 MST 2024
  **** Start of session at: Fri Oct  2 18:57:17 2026
    ** Copyright 1986-2022 Xilinx, Inc. All Rights Reserved.
    ** Copyright 2022-2024 Advanced Micro Devices, Inc. All Rights Reserved.

source NEXYS_A7.tcl -notrace
Command: read_checkpoint -auto_incremental -incremental C:/Users/lovet/Desktop/DCLAB/DCLAB_2026_05/Lab1/NEXYS_A7/NEXYS_A7/NEXYS_A7.srcs/utils_1/imports/synth_1/NEXYS_A7.dcp
INFO: [Vivado 12-5825] Read reference checkpoint from C:/Users/lovet/Desktop/DCLAB/DCLAB_2026_05/Lab1/NEXYS_A7/NEXYS_A7/NEXYS_A7.srcs/utils_1/imports/synth_1/NEXYS_A7.dcp for incremental synthesis
INFO: [Vivado 12-7989] Please ensure there are no constraint changes
Command: synth_design -top NEXYS_A7 -part xc7a100tcsg324-1
Starting synth_design
Attempting to get a license for feature 'Synthesis' and/or device 'xc7a100t'
INFO: [Common 17-349] Got license for feature 'Synthesis' and/or device 'xc7a100t'
INFO: [Device 21-403] Loading part xc7a100tcsg324-1
INFO: [Designutils 20-5440] No compile time benefit to using incremental synthesis; A full resynthesis will be run
INFO: [Designutils 20-4379] Flow is switching to default flow due to incremental criteria not met. If you would like to alter this behaviour and have the flow terminate instead, please set the following parameter config_implementation {autoIncr.Synth.RejectBehavior Terminate}
INFO: [Synth 8-7079] Multithreading enabled for synth_design using a maximum of 2 processes.
INFO: [Synth 8-7078] Launching helper process for spawning children vivado processes
INFO: [Synth 8-7075] Helper process launched with PID 23776
---------------------------------------------------------------------------------
Starting RTL Elaboration : Time (s): cpu = 00:00:03 ; elapsed = 00:00:03 . Memory (MB): peak = 1051.137 ; gain = 469.070
---------------------------------------------------------------------------------
INFO: [Synth 8-6157] synthesizing module 'NEXYS_A7' [C:/Users/lovet/Desktop/DCLAB/DCLAB_2026_05/Lab1/NEXYS_A7/NEXYS_A7.sv:1]
INFO: [Synth 8-6157] synthesizing module 'Seven_Segment_Display' [C:/Users/lovet/Desktop/DCLAB/DCLAB_2026_05/Lab1/NEXYS_A7/Seven_Segment_Display.sv:1]
INFO: [Synth 8-6157] synthesizing module 'Display_digit' [C:/Users/lovet/Desktop/DCLAB/DCLAB_2026_05/Lab1/NEXYS_A7/Seven_Segment_Display.sv:86]
INFO: [Synth 8-6155] done synthesizing module 'Display_digit' (0#1) [C:/Users/lovet/Desktop/DCLAB/DCLAB_2026_05/Lab1/NEXYS_A7/Seven_Segment_Display.sv:86]
INFO: [Synth 8-6155] done synthesizing module 'Seven_Segment_Display' (0#1) [C:/Users/lovet/Desktop/DCLAB/DCLAB_2026_05/Lab1/NEXYS_A7/Seven_Segment_Display.sv:1]
INFO: [Synth 8-6157] synthesizing module 'Debounce' [C:/Users/lovet/Desktop/DCLAB/DCLAB_2026_05/Lab1/NEXYS_A7/Debounce.sv:1]
INFO: [Synth 8-6155] done synthesizing module 'Debounce' (0#1) [C:/Users/lovet/Desktop/DCLAB/DCLAB_2026_05/Lab1/NEXYS_A7/Debounce.sv:1]
WARNING: [Synth 8-7071] port 'o_debounced' of module 'Debounce' is unconnected for instance 'deb0' [C:/Users/lovet/Desktop/DCLAB/DCLAB_2026_05/Lab1/NEXYS_A7/NEXYS_A7.sv:120]
WARNING: [Synth 8-7071] port 'o_neg' of module 'Debounce' is unconnected for instance 'deb0' [C:/Users/lovet/Desktop/DCLAB/DCLAB_2026_05/Lab1/NEXYS_A7/NEXYS_A7.sv:120]
WARNING: [Synth 8-7023] instance 'deb0' of module 'Debounce' has 6 connections declared, but only 4 given [C:/Users/lovet/Desktop/DCLAB/DCLAB_2026_05/Lab1/NEXYS_A7/NEXYS_A7.sv:120]
INFO: [Synth 8-6157] synthesizing module 'Top' [C:/Users/lovet/Desktop/DCLAB/DCLAB_2026_05/Lab1/NEXYS_A7/Top.sv:1]
INFO: [Synth 8-226] default block is never used [C:/Users/lovet/Desktop/DCLAB/DCLAB_2026_05/Lab1/NEXYS_A7/Top.sv:39]
INFO: [Synth 8-6155] done synthesizing module 'Top' (0#1) [C:/Users/lovet/Desktop/DCLAB/DCLAB_2026_05/Lab1/NEXYS_A7/Top.sv:1]
INFO: [Synth 8-6155] done synthesizing module 'NEXYS_A7' (0#1) [C:/Users/lovet/Desktop/DCLAB/DCLAB_2026_05/Lab1/NEXYS_A7/NEXYS_A7.sv:1]
WARNING: [Synth 8-3848] Net LED16_B in module/entity NEXYS_A7 does not have driver. [C:/Users/lovet/Desktop/DCLAB/DCLAB_2026_05/Lab1/NEXYS_A7/NEXYS_A7.sv:9]
WARNING: [Synth 8-3848] Net LED16_G in module/entity NEXYS_A7 does not have driver. [C:/Users/lovet/Desktop/DCLAB/DCLAB_2026_05/Lab1/NEXYS_A7/NEXYS_A7.sv:10]
WARNING: [Synth 8-3848] Net LED16_R in module/entity NEXYS_A7 does not have driver. [C:/Users/lovet/Desktop/DCLAB/DCLAB_2026_05/Lab1/NEXYS_A7/NEXYS_A7.sv:11]
WARNING: [Synth 8-3848] Net LED17_B in module/entity NEXYS_A7 does not have driver. [C:/Users/lovet/Desktop/DCLAB/DCLAB_2026_05/Lab1/NEXYS_A7/NEXYS_A7.sv:12]
WARNING: [Synth 8-3848] Net LED17_G in module/entity NEXYS_A7 does not have driver. [C:/Users/lovet/Desktop/DCLAB/DCLAB_2026_05/Lab1/NEXYS_A7/NEXYS_A7.sv:13]
WARNING: [Synth 8-3848] Net LED17_R in module/entity NEXYS_A7 does not have driver. [C:/Users/lovet/Desktop/DCLAB/DCLAB_2026_05/Lab1/NEXYS_A7/NEXYS_A7.sv:14]
WARNING: [Synth 8-3848] Net VGA_R in module/entity NEXYS_A7 does not have driver. [C:/Users/lovet/Desktop/DCLAB/DCLAB_2026_05/Lab1/NEXYS_A7/NEXYS_A7.sv:41]
WARNING: [Synth 8-3848] Net VGA_G in module/entity NEXYS_A7 does not have driver. [C:/Users/lovet/Desktop/DCLAB/DCLAB_2026_05/Lab1/NEXYS_A7/NEXYS_A7.sv:42]
WARNING: [Synth 8-3848] Net VGA_B in module/entity NEXYS_A7 does not have driver. [C:/Users/lovet/Desktop/DCLAB/DCLAB_2026_05/Lab1/NEXYS_A7/NEXYS_A7.sv:43]
WARNING: [Synth 8-3848] Net VGA_HS in module/entity NEXYS_A7 does not have driver. [C:/Users/lovet/Desktop/DCLAB/DCLAB_2026_05/Lab1/NEXYS_A7/NEXYS_A7.sv:44]
WARNING: [Synth 8-3848] Net VGA_VS in module/entity NEXYS_A7 does not have driver. [C:/Users/lovet/Desktop/DCLAB/DCLAB_2026_05/Lab1/NEXYS_A7/NEXYS_A7.sv:45]
WARNING: [Synth 8-3848] Net SD_RESET in module/entity NEXYS_A7 does not have driver. [C:/Users/lovet/Desktop/DCLAB/DCLAB_2026_05/Lab1/NEXYS_A7/NEXYS_A7.sv:47]
WARNING: [Synth 8-3848] Net ACL_MOSI in module/entity NEXYS_A7 does not have driver. [C:/Users/lovet/Desktop/DCLAB/DCLAB_2026_05/Lab1/NEXYS_A7/NEXYS_A7.sv:54]
WARNING: [Synth 8-3848] Net ACL_SCLK in module/entity NEXYS_A7 does not have driver. [C:/Users/lovet/Desktop/DCLAB/DCLAB_2026_05/Lab1/NEXYS_A7/NEXYS_A7.sv:55]
WARNING: [Synth 8-3848] Net ACL_CSN in module/entity NEXYS_A7 does not have driver. [C:/Users/lovet/Desktop/DCLAB/DCLAB_2026_05/Lab1/NEXYS_A7/NEXYS_A7.sv:56]
WARNING: [Synth 8-3848] Net TMP_SCL in module/entity NEXYS_A7 does not have driver. [C:/Users/lovet/Desktop/DCLAB/DCLAB_2026_05/Lab1/NEXYS_A7/NEXYS_A7.sv:59]
WARNING: [Synth 8-3848] Net M_CLK in module/entity NEXYS_A7 does not have driver. [C:/Users/lovet/Desktop/DCLAB/DCLAB_2026_05/Lab1/NEXYS_A7/NEXYS_A7.sv:64]
WARNING: [Synth 8-3848] Net M_LRSEL in module/entity NEXYS_A7 does not have driver. [C:/Users/lovet/Desktop/DCLAB/DCLAB_2026_05/Lab1/NEXYS_A7/NEXYS_A7.sv:66]
WARNING: [Synth 8-3848] Net AUD_PWM in module/entity NEXYS_A7 does not have driver. [C:/Users/lovet/Desktop/DCLAB/DCLAB_2026_05/Lab1/NEXYS_A7/NEXYS_A7.sv:68]
WARNING: [Synth 8-3848] Net AUD_SD in module/entity NEXYS_A7 does not have driver. [C:/Users/lovet/Desktop/DCLAB/DCLAB_2026_05/Lab1/NEXYS_A7/NEXYS_A7.sv:69]
WARNING: [Synth 8-3848] Net UART_RXD_OUT in module/entity NEXYS_A7 does not have driver. [C:/Users/lovet/Desktop/DCLAB/DCLAB_2026_05/Lab1/NEXYS_A7/NEXYS_A7.sv:72]
WARNING: [Synth 8-3848] Net UART_CTS in module/entity NEXYS_A7 does not have driver. [C:/Users/lovet/Desktop/DCLAB/DCLAB_2026_05/Lab1/NEXYS_A7/NEXYS_A7.sv:73]
WARNING: [Synth 8-3848] Net ETH_MDC in module/entity NEXYS_A7 does not have driver. [C:/Users/lovet/Desktop/DCLAB/DCLAB_2026_05/Lab1/NEXYS_A7/NEXYS_A7.sv:79]
WARNING: [Synth 8-3848] Net ETH_RSTN in module/entity NEXYS_A7 does not have driver. [C:/Users/lovet/Desktop/DCLAB/DCLAB_2026_05/Lab1/NEXYS_A7/NEXYS_A7.sv:81]
WARNING: [Synth 8-3848] Net ETH_TXEN in module/entity NEXYS_A7 does not have driver. [C:/Users/lovet/Desktop/DCLAB/DCLAB_2026_05/Lab1/NEXYS_A7/NEXYS_A7.sv:85]
WARNING: [Synth 8-3848] Net ETH_TXD in module/entity NEXYS_A7 does not have driver. [C:/Users/lovet/Desktop/DCLAB/DCLAB_2026_05/Lab1/NEXYS_A7/NEXYS_A7.sv:86]
WARNING: [Synth 8-3848] Net QSPI_CSN in module/entity NEXYS_A7 does not have driver. [C:/Users/lovet/Desktop/DCLAB/DCLAB_2026_05/Lab1/NEXYS_A7/NEXYS_A7.sv:91]
WARNING: [Synth 8-3917] design NEXYS_A7 has port LED[15] driven by constant 0
WARNING: [Synth 8-3917] design NEXYS_A7 has port LED[14] driven by constant 0
WARNING: [Synth 8-3917] design NEXYS_A7 has port LED[13] driven by constant 0
WARNING: [Synth 8-3917] design NEXYS_A7 has port LED[12] driven by constant 0
WARNING: [Synth 8-3917] design NEXYS_A7 has port LED[11] driven by constant 0
WARNING: [Synth 8-3917] design NEXYS_A7 has port LED[10] driven by constant 0
WARNING: [Synth 8-3917] design NEXYS_A7 has port LED[9] driven by constant 0
WARNING: [Synth 8-3917] design NEXYS_A7 has port LED[8] driven by constant 0
WARNING: [Synth 8-3917] design NEXYS_A7 has port LED[7] driven by constant 0
WARNING: [Synth 8-3917] design NEXYS_A7 has port LED[6] driven by constant 0
WARNING: [Synth 8-3917] design NEXYS_A7 has port LED[5] driven by constant 0
WARNING: [Synth 8-3917] design NEXYS_A7 has port LED[4] driven by constant 0
WARNING: [Synth 8-3917] design NEXYS_A7 has port LED[3] driven by constant 0
WARNING: [Synth 8-3917] design NEXYS_A7 has port LED[2] driven by constant 0
WARNING: [Synth 8-3917] design NEXYS_A7 has port LED[1] driven by constant 0
WARNING: [Synth 8-3917] design NEXYS_A7 has port LED[0] driven by constant 0
WARNING: [Synth 8-3917] design NEXYS_A7 has port DP driven by constant 1
WARNING: [Synth 8-7129] Port LED16_B in module NEXYS_A7 is either unconnected or has no load
WARNING: [Synth 8-7129] Port LED16_G in module NEXYS_A7 is either unconnected or has no load
WARNING: [Synth 8-7129] Port LED16_R in module NEXYS_A7 is either unconnected or has no load
WARNING: [Synth 8-7129] Port LED17_B in module NEXYS_A7 is either unconnected or has no load
WARNING: [Synth 8-7129] Port LED17_G in module NEXYS_A7 is either unconnected or has no load
WARNING: [Synth 8-7129] Port LED17_R in module NEXYS_A7 is either unconnected or has no load
WARNING: [Synth 8-7129] Port VGA_R[3] in module NEXYS_A7 is either unconnected or has no load
WARNING: [Synth 8-7129] Port VGA_R[2] in module NEXYS_A7 is either unconnected or has no load
WARNING: [Synth 8-7129] Port VGA_R[1] in module NEXYS_A7 is either unconnected or has no load
WARNING: [Synth 8-7129] Port VGA_R[0] in module NEXYS_A7 is either unconnected or has no load
WARNING: [Synth 8-7129] Port VGA_G[3] in module NEXYS_A7 is either unconnected or has no load
WARNING: [Synth 8-7129] Port VGA_G[2] in module NEXYS_A7 is either unconnected or has no load
WARNING: [Synth 8-7129] Port VGA_G[1] in module NEXYS_A7 is either unconnected or has no load
WARNING: [Synth 8-7129] Port VGA_G[0] in module NEXYS_A7 is either unconnected or has no load
WARNING: [Synth 8-7129] Port VGA_B[3] in module NEXYS_A7 is either unconnected or has no load
WARNING: [Synth 8-7129] Port VGA_B[2] in module NEXYS_A7 is either unconnected or has no load
WARNING: [Synth 8-7129] Port VGA_B[1] in module NEXYS_A7 is either unconnected or has no load
WARNING: [Synth 8-7129] Port VGA_B[0] in module NEXYS_A7 is either unconnected or has no load
WARNING: [Synth 8-7129] Port VGA_HS in module NEXYS_A7 is either unconnected or has no load
WARNING: [Synth 8-7129] Port VGA_VS in module NEXYS_A7 is either unconnected or has no load
WARNING: [Synth 8-7129] Port SD_RESET in module NEXYS_A7 is either unconnected or has no load
WARNING: [Synth 8-7129] Port ACL_MOSI in module NEXYS_A7 is either unconnected or has no load
WARNING: [Synth 8-7129] Port ACL_SCLK in module NEXYS_A7 is either unconnected or has no load
WARNING: [Synth 8-7129] Port ACL_CSN in module NEXYS_A7 is either unconnected or has no load
WARNING: [Synth 8-7129] Port TMP_SCL in module NEXYS_A7 is either unconnected or has no load
WARNING: [Synth 8-7129] Port M_CLK in module NEXYS_A7 is either unconnected or has no load
WARNING: [Synth 8-7129] Port M_LRSEL in module NEXYS_A7 is either unconnected or has no load
WARNING: [Synth 8-7129] Port AUD_PWM in module NEXYS_A7 is either unconnected or has no load
WARNING: [Synth 8-7129] Port AUD_SD in module NEXYS_A7 is either unconnected or has no load
WARNING: [Synth 8-7129] Port UART_RXD_OUT in module NEXYS_A7 is either unconnected or has no load
WARNING: [Synth 8-7129] Port UART_CTS in module NEXYS_A7 is either unconnected or has no load
WARNING: [Synth 8-7129] Port ETH_MDC in module NEXYS_A7 is either unconnected or has no load
WARNING: [Synth 8-7129] Port ETH_RSTN in module NEXYS_A7 is either unconnected or has no load
WARNING: [Synth 8-7129] Port ETH_TXEN in module NEXYS_A7 is either unconnected or has no load
WARNING: [Synth 8-7129] Port ETH_TXD[1] in module NEXYS_A7 is either unconnected or has no load
WARNING: [Synth 8-7129] Port ETH_TXD[0] in module NEXYS_A7 is either unconnected or has no load
WARNING: [Synth 8-7129] Port QSPI_CSN in module NEXYS_A7 is either unconnected or has no load
WARNING: [Synth 8-7129] Port JA[10] in module NEXYS_A7 is either unconnected or has no load
WARNING: [Synth 8-7129] Port JA[9] in module NEXYS_A7 is either unconnected or has no load
WARNING: [Synth 8-7129] Port JA[8] in module NEXYS_A7 is either unconnected or has no load
WARNING: [Synth 8-7129] Port JA[7] in module NEXYS_A7 is either unconnected or has no load
WARNING: [Synth 8-7129] Port JA[6] in module NEXYS_A7 is either unconnected or has no load
WARNING: [Synth 8-7129] Port JA[5] in module NEXYS_A7 is either unconnected or has no load
WARNING: [Synth 8-7129] Port JA[4] in module NEXYS_A7 is either unconnected or has no load
WARNING: [Synth 8-7129] Port JA[3] in module NEXYS_A7 is either unconnected or has no load
WARNING: [Synth 8-7129] Port JA[2] in module NEXYS_A7 is either unconnected or has no load
WARNING: [Synth 8-7129] Port JA[1] in module NEXYS_A7 is either unconnected or has no load
WARNING: [Synth 8-7129] Port JA[0] in module NEXYS_A7 is either unconnected or has no load
WARNING: [Synth 8-7129] Port JB[10] in module NEXYS_A7 is either unconnected or has no load
WARNING: [Synth 8-7129] Port JB[9] in module NEXYS_A7 is either unconnected or has no load
WARNING: [Synth 8-7129] Port JB[8] in module NEXYS_A7 is either unconnected or has no load
WARNING: [Synth 8-7129] Port JB[7] in module NEXYS_A7 is either unconnected or has no load
WARNING: [Synth 8-7129] Port JB[6] in module NEXYS_A7 is either unconnected or has no load
WARNING: [Synth 8-7129] Port JB[5] in module NEXYS_A7 is either unconnected or has no load
WARNING: [Synth 8-7129] Port JB[4] in module NEXYS_A7 is either unconnected or has no load
WARNING: [Synth 8-7129] Port JB[3] in module NEXYS_A7 is either unconnected or has no load
WARNING: [Synth 8-7129] Port JB[2] in module NEXYS_A7 is either unconnected or has no load
WARNING: [Synth 8-7129] Port JB[1] in module NEXYS_A7 is either unconnected or has no load
WARNING: [Synth 8-7129] Port JB[0] in module NEXYS_A7 is either unconnected or has no load
WARNING: [Synth 8-7129] Port JC[10] in module NEXYS_A7 is either unconnected or has no load
WARNING: [Synth 8-7129] Port JC[9] in module NEXYS_A7 is either unconnected or has no load
WARNING: [Synth 8-7129] Port JC[8] in module NEXYS_A7 is either unconnected or has no load
WARNING: [Synth 8-7129] Port JC[7] in module NEXYS_A7 is either unconnected or has no load
WARNING: [Synth 8-7129] Port JC[6] in module NEXYS_A7 is either unconnected or has no load
WARNING: [Synth 8-7129] Port JC[5] in module NEXYS_A7 is either unconnected or has no load
WARNING: [Synth 8-7129] Port JC[4] in module NEXYS_A7 is either unconnected or has no load
WARNING: [Synth 8-7129] Port JC[3] in module NEXYS_A7 is either unconnected or has no load
WARNING: [Synth 8-7129] Port JC[2] in module NEXYS_A7 is either unconnected or has no load
WARNING: [Synth 8-7129] Port JC[1] in module NEXYS_A7 is either unconnected or has no load
WARNING: [Synth 8-7129] Port JC[0] in module NEXYS_A7 is either unconnected or has no load
WARNING: [Synth 8-7129] Port JD[10] in module NEXYS_A7 is either unconnected or has no load
WARNING: [Synth 8-7129] Port JD[9] in module NEXYS_A7 is either unconnected or has no load
WARNING: [Synth 8-7129] Port JD[8] in module NEXYS_A7 is either unconnected or has no load
WARNING: [Synth 8-7129] Port JD[7] in module NEXYS_A7 is either unconnected or has no load
WARNING: [Synth 8-7129] Port JD[6] in module NEXYS_A7 is either unconnected or has no load
WARNING: [Synth 8-7129] Port JD[5] in module NEXYS_A7 is either unconnected or has no load
WARNING: [Synth 8-7129] Port JD[4] in module NEXYS_A7 is either unconnected or has no load
WARNING: [Synth 8-7129] Port JD[3] in module NEXYS_A7 is either unconnected or has no load
WARNING: [Synth 8-7129] Port JD[2] in module NEXYS_A7 is either unconnected or has no load
WARNING: [Synth 8-7129] Port JD[1] in module NEXYS_A7 is either unconnected or has no load
WARNING: [Synth 8-7129] Port JD[0] in module NEXYS_A7 is either unconnected or has no load
WARNING: [Synth 8-7129] Port XA_N[4] in module NEXYS_A7 is either unconnected or has no load
WARNING: [Synth 8-7129] Port XA_N[3] in module NEXYS_A7 is either unconnected or has no load
WARNING: [Synth 8-7129] Port XA_N[2] in module NEXYS_A7 is either unconnected or has no load
WARNING: [Synth 8-7129] Port XA_N[1] in module NEXYS_A7 is either unconnected or has no load
WARNING: [Synth 8-7129] Port XA_N[0] in module NEXYS_A7 is either unconnected or has no load
WARNING: [Synth 8-7129] Port XA_P[4] in module NEXYS_A7 is either unconnected or has no load
WARNING: [Synth 8-7129] Port XA_P[3] in module NEXYS_A7 is either unconnected or has no load
WARNING: [Synth 8-7129] Port XA_P[2] in module NEXYS_A7 is either unconnected or has no load
WARNING: [Synth 8-7129] Port XA_P[1] in module NEXYS_A7 is either unconnected or has no load
WARNING: [Synth 8-7129] Port XA_P[0] in module NEXYS_A7 is either unconnected or has no load
WARNING: [Synth 8-7129] Port SD_SCK in module NEXYS_A7 is either unconnected or has no load
WARNING: [Synth 8-7129] Port SD_CMD in module NEXYS_A7 is either unconnected or has no load
WARNING: [Synth 8-7129] Port SD_DAT[3] in module NEXYS_A7 is either unconnected or has no load
WARNING: [Synth 8-7129] Port SD_DAT[2] in module NEXYS_A7 is either unconnected or has no load
WARNING: [Synth 8-7129] Port SD_DAT[1] in module NEXYS_A7 is either unconnected or has no load
WARNING: [Synth 8-7129] Port SD_DAT[0] in module NEXYS_A7 is either unconnected or has no load
WARNING: [Synth 8-7129] Port TMP_SDA in module NEXYS_A7 is either unconnected or has no load
WARNING: [Synth 8-7129] Port PS2_CLK in module NEXYS_A7 is either unconnected or has no load
WARNING: [Synth 8-7129] Port PS2_DATA in module NEXYS_A7 is either unconnected or has no load
INFO: [Common 17-14] Message 'Synth 8-7129' appears 100 times and further instances of the messages will be disabled. Use the Tcl command set_msg_config to change the current settings.
---------------------------------------------------------------------------------
Finished RTL Elaboration : Time (s): cpu = 00:00:04 ; elapsed = 00:00:04 . Memory (MB): peak = 1157.121 ; gain = 575.055
---------------------------------------------------------------------------------
---------------------------------------------------------------------------------
Start Handling Custom Attributes
---------------------------------------------------------------------------------
---------------------------------------------------------------------------------
Finished Handling Custom Attributes : Time (s): cpu = 00:00:04 ; elapsed = 00:00:05 . Memory (MB): peak = 1157.121 ; gain = 575.055
---------------------------------------------------------------------------------
---------------------------------------------------------------------------------
Finished RTL Optimization Phase 1 : Time (s): cpu = 00:00:04 ; elapsed = 00:00:05 . Memory (MB): peak = 1157.121 ; gain = 575.055
---------------------------------------------------------------------------------
Netlist sorting complete. Time (s): cpu = 00:00:00 ; elapsed = 00:00:00.002 . Memory (MB): peak = 1157.121 ; gain = 0.000
INFO: [Project 1-570] Preparing netlist for logic optimization

Processing XDC Constraints
Initializing timing engine
Parsing XDC File [C:/Users/lovet/Desktop/DCLAB/DCLAB_2026_05/Lab1/NEXYS_A7/Nexys-A7-100T-Master.xdc]
Finished Parsing XDC File [C:/Users/lovet/Desktop/DCLAB/DCLAB_2026_05/Lab1/NEXYS_A7/Nexys-A7-100T-Master.xdc]
INFO: [Project 1-236] Implementation specific constraints were found while reading constraint file [C:/Users/lovet/Desktop/DCLAB/DCLAB_2026_05/Lab1/NEXYS_A7/Nexys-A7-100T-Master.xdc]. These constraints will be ignored for synthesis but will be used in implementation. Impacted constraints are listed in the file [.Xil/NEXYS_A7_propImpl.xdc].
Resolution: To avoid this warning, move constraints listed in [.Xil/NEXYS_A7_propImpl.xdc] to another XDC file and exclude this new file from synthesis with the used_in_synthesis property (File Properties dialog in GUI) and re-run elaboration/synthesis.
Completed Processing XDC Constraints

Netlist sorting complete. Time (s): cpu = 00:00:00 ; elapsed = 00:00:00 . Memory (MB): peak = 1240.012 ; gain = 0.000
INFO: [Project 1-111] Unisim Transformation Summary:
No Unisim elements were transformed.

Constraint Validation Runtime : Time (s): cpu = 00:00:00 ; elapsed = 00:00:00.002 . Memory (MB): peak = 1240.012 ; gain = 0.000
INFO: [Designutils 20-5440] No compile time benefit to using incremental synthesis; A full resynthesis will be run
INFO: [Designutils 20-4379] Flow is switching to default flow due to incremental criteria not met. If you would like to alter this behaviour and have the flow terminate instead, please set the following parameter config_implementation {autoIncr.Synth.RejectBehavior Terminate}
---------------------------------------------------------------------------------
Finished Constraint Validation : Time (s): cpu = 00:00:08 ; elapsed = 00:00:10 . Memory (MB): peak = 1240.012 ; gain = 657.945
---------------------------------------------------------------------------------
---------------------------------------------------------------------------------
Start Loading Part and Timing Information
---------------------------------------------------------------------------------
Loading part: xc7a100tcsg324-1
---------------------------------------------------------------------------------
Finished Loading Part and Timing Information : Time (s): cpu = 00:00:08 ; elapsed = 00:00:10 . Memory (MB): peak = 1240.012 ; gain = 657.945
---------------------------------------------------------------------------------
---------------------------------------------------------------------------------
Start Applying 'set_property' XDC Constraints
---------------------------------------------------------------------------------
---------------------------------------------------------------------------------
Finished applying 'set_property' XDC Constraints : Time (s): cpu = 00:00:08 ; elapsed = 00:00:10 . Memory (MB): peak = 1240.012 ; gain = 657.945
---------------------------------------------------------------------------------
---------------------------------------------------------------------------------
Finished RTL Optimization Phase 2 : Time (s): cpu = 00:00:08 ; elapsed = 00:00:10 . Memory (MB): peak = 1240.012 ; gain = 657.945
---------------------------------------------------------------------------------
---------------------------------------------------------------------------------
Start RTL Component Statistics 
---------------------------------------------------------------------------------
Detailed RTL Component Info : 
+---Adders : 
	   2 Input   10 Bit       Adders := 1     
	   2 Input    6 Bit       Adders := 2     
	   2 Input    4 Bit       Adders := 1     
	   2 Input    3 Bit       Adders := 1     
+---XORs : 
	   2 Input      1 Bit         XORs := 2     
	   4 Input      1 Bit         XORs := 1     
+---Registers : 
	               21 Bit    Registers := 1     
	               20 Bit    Registers := 1     
	               16 Bit    Registers := 1     
	               10 Bit    Registers := 1     
	                6 Bit    Registers := 1     
	                4 Bit    Registers := 1     
	                3 Bit    Registers := 1     
	                1 Bit    Registers := 4     
+---Muxes : 
	   2 Input   21 Bit        Muxes := 2     
	   2 Input   10 Bit        Muxes := 1     
	   2 Input    6 Bit        Muxes := 1     
	   2 Input    4 Bit        Muxes := 2     
	   2 Input    3 Bit        Muxes := 1     
	  11 Input    1 Bit        Muxes := 8     
	   2 Input    1 Bit        Muxes := 13    
---------------------------------------------------------------------------------
Finished RTL Component Statistics 
---------------------------------------------------------------------------------
---------------------------------------------------------------------------------
Start Part Resource Summary
---------------------------------------------------------------------------------
Part Resources:
DSPs: 240 (col length:80)
BRAMs: 270 (col length: RAMB18 80 RAMB36 40)
---------------------------------------------------------------------------------
Finished Part Resource Summary
---------------------------------------------------------------------------------
---------------------------------------------------------------------------------
Start Cross Boundary and Area Optimization
---------------------------------------------------------------------------------
WARNING: [Synth 8-7080] Parallel synthesis criteria is not met
WARNING: [Synth 8-3917] design NEXYS_A7 has port LED[15] driven by constant 0
WARNING: [Synth 8-3917] design NEXYS_A7 has port LED[14] driven by constant 0
WARNING: [Synth 8-3917] design NEXYS_A7 has port LED[13] driven by constant 0
WARNING: [Synth 8-3917] design NEXYS_A7 has port LED[12] driven by constant 0
WARNING: [Synth 8-3917] design NEXYS_A7 has port LED[11] driven by constant 0
WARNING: [Synth 8-3917] design NEXYS_A7 has port LED[10] driven by constant 0
WARNING: [Synth 8-3917] design NEXYS_A7 has port LED[9] driven by constant 0
WARNING: [Synth 8-3917] design NEXYS_A7 has port LED[8] driven by constant 0
WARNING: [Synth 8-3917] design NEXYS_A7 has port LED[7] driven by constant 0
WARNING: [Synth 8-3917] design NEXYS_A7 has port LED[6] driven by constant 0
WARNING: [Synth 8-3917] design NEXYS_A7 has port LED[5] driven by constant 0
WARNING: [Synth 8-3917] design NEXYS_A7 has port LED[4] driven by constant 0
WARNING: [Synth 8-3917] design NEXYS_A7 has port LED[3] driven by constant 0
WARNING: [Synth 8-3917] design NEXYS_A7 has port LED[2] driven by constant 0
WARNING: [Synth 8-3917] design NEXYS_A7 has port LED[1] driven by constant 0
WARNING: [Synth 8-3917] design NEXYS_A7 has port LED[0] driven by constant 0
WARNING: [Synth 8-3917] design NEXYS_A7 has port DP driven by constant 1
---------------------------------------------------------------------------------
Finished Cross Boundary and Area Optimization : Time (s): cpu = 00:00:10 ; elapsed = 00:00:11 . Memory (MB): peak = 1240.012 ; gain = 657.945
---------------------------------------------------------------------------------
---------------------------------------------------------------------------------
Start Applying XDC Timing Constraints
---------------------------------------------------------------------------------
---------------------------------------------------------------------------------
Finished Applying XDC Timing Constraints : Time (s): cpu = 00:00:16 ; elapsed = 00:00:19 . Memory (MB): peak = 1349.027 ; gain = 766.961
---------------------------------------------------------------------------------
---------------------------------------------------------------------------------
Start Timing Optimization
---------------------------------------------------------------------------------
---------------------------------------------------------------------------------
Finished Timing Optimization : Time (s): cpu = 00:00:16 ; elapsed = 00:00:19 . Memory (MB): peak = 1371.590 ; gain = 789.523
---------------------------------------------------------------------------------
---------------------------------------------------------------------------------
Start Technology Mapping
---------------------------------------------------------------------------------
---------------------------------------------------------------------------------
Finished Technology Mapping : Time (s): cpu = 00:00:17 ; elapsed = 00:00:19 . Memory (MB): peak = 1371.590 ; gain = 789.523
---------------------------------------------------------------------------------
---------------------------------------------------------------------------------
Start IO Insertion
---------------------------------------------------------------------------------
---------------------------------------------------------------------------------
Start Flattening Before IO Insertion
---------------------------------------------------------------------------------
---------------------------------------------------------------------------------
Finished Flattening Before IO Insertion
---------------------------------------------------------------------------------
---------------------------------------------------------------------------------
Start Final Netlist Cleanup
---------------------------------------------------------------------------------
---------------------------------------------------------------------------------
Finished Final Netlist Cleanup
---------------------------------------------------------------------------------
---------------------------------------------------------------------------------
Finished IO Insertion : Time (s): cpu = 00:00:19 ; elapsed = 00:00:22 . Memory (MB): peak = 1576.152 ; gain = 994.086
---------------------------------------------------------------------------------
---------------------------------------------------------------------------------
Start Renaming Generated Instances
---------------------------------------------------------------------------------
---------------------------------------------------------------------------------
Finished Renaming Generated Instances : Time (s): cpu = 00:00:19 ; elapsed = 00:00:22 . Memory (MB): peak = 1576.152 ; gain = 994.086
---------------------------------------------------------------------------------
---------------------------------------------------------------------------------
Start Rebuilding User Hierarchy
---------------------------------------------------------------------------------
---------------------------------------------------------------------------------
Finished Rebuilding User Hierarchy : Time (s): cpu = 00:00:19 ; elapsed = 00:00:22 . Memory (MB): peak = 1576.152 ; gain = 994.086
---------------------------------------------------------------------------------
---------------------------------------------------------------------------------
Start Renaming Generated Ports
---------------------------------------------------------------------------------
---------------------------------------------------------------------------------
Finished Renaming Generated Ports : Time (s): cpu = 00:00:19 ; elapsed = 00:00:22 . Memory (MB): peak = 1576.152 ; gain = 994.086
---------------------------------------------------------------------------------
---------------------------------------------------------------------------------
Start Handling Custom Attributes
---------------------------------------------------------------------------------
---------------------------------------------------------------------------------
Finished Handling Custom Attributes : Time (s): cpu = 00:00:19 ; elapsed = 00:00:22 . Memory (MB): peak = 1576.152 ; gain = 994.086
---------------------------------------------------------------------------------
---------------------------------------------------------------------------------
Start Renaming Generated Nets
---------------------------------------------------------------------------------
---------------------------------------------------------------------------------
Finished Renaming Generated Nets : Time (s): cpu = 00:00:19 ; elapsed = 00:00:22 . Memory (MB): peak = 1576.152 ; gain = 994.086
---------------------------------------------------------------------------------
---------------------------------------------------------------------------------
Start Writing Synthesis Report
---------------------------------------------------------------------------------

Report BlackBoxes: 
+-+--------------+----------+
| |BlackBox name |Instances |
+-+--------------+----------+
+-+--------------+----------+

Report Cell Usage: 
+------+------+------+
|      |Cell  |Count |
+------+------+------+
|1     |BUFG  |     1|
|2     |LUT2  |     8|
|3     |LUT3  |    29|
|4     |LUT4  |    13|
|5     |LUT5  |    13|
|6     |LUT6  |    13|
|7     |FDCE  |    54|
|8     |FDPE  |     9|
|9     |FDRE  |    20|
|10    |IBUF  |     3|
|11    |OBUF  |    32|
|12    |OBUFT |    37|
+------+------+------+
---------------------------------------------------------------------------------
Finished Writing Synthesis Report : Time (s): cpu = 00:00:19 ; elapsed = 00:00:22 . Memory (MB): peak = 1576.152 ; gain = 994.086
---------------------------------------------------------------------------------
Synthesis finished with 0 errors, 0 critical warnings and 159 warnings.
Synthesis Optimization Runtime : Time (s): cpu = 00:00:14 ; elapsed = 00:00:20 . Memory (MB): peak = 1576.152 ; gain = 911.195
Synthesis Optimization Complete : Time (s): cpu = 00:00:19 ; elapsed = 00:00:22 . Memory (MB): peak = 1576.152 ; gain = 994.086
INFO: [Project 1-571] Translating synthesized netlist
Netlist sorting complete. Time (s): cpu = 00:00:00 ; elapsed = 00:00:00.001 . Memory (MB): peak = 1585.387 ; gain = 0.000
INFO: [Project 1-570] Preparing netlist for logic optimization
INFO: [Opt 31-138] Pushed 0 inverter(s) to 0 load pin(s).
Netlist sorting complete. Time (s): cpu = 00:00:00 ; elapsed = 00:00:00 . Memory (MB): peak = 1589.012 ; gain = 0.000
INFO: [Project 1-111] Unisim Transformation Summary:
No Unisim elements were transformed.

Synth Design complete | Checksum: 1cfaa7ed
INFO: [Common 17-83] Releasing license: Synthesis
31 Infos, 165 Warnings, 0 Critical Warnings and 0 Errors encountered.
synth_design completed successfully
synth_design: Time (s): cpu = 00:00:21 ; elapsed = 00:00:26 . Memory (MB): peak = 1589.012 ; gain = 1212.738
Write ShapeDB Complete: Time (s): cpu = 00:00:00 ; elapsed = 00:00:00.001 . Memory (MB): peak = 1589.012 ; gain = 0.000
INFO: [Common 17-1381] The checkpoint 'C:/Users/lovet/Desktop/DCLAB/DCLAB_2026_05/Lab1/NEXYS_A7/NEXYS_A7/NEXYS_A7.runs/synth_1/NEXYS_A7.dcp' has been generated.
INFO: [Vivado 12-24828] Executing command : report_utilization -file NEXYS_A7_utilization_synth.rpt -pb NEXYS_A7_utilization_synth.pb
INFO: [Common 17-206] Exiting Vivado at Fri Oct  2 18:57:46 2026...
